Info: Start Nativelink Simulation process

========= EDA Simulation Settings =====================

Sim Mode              :  Gate
Family                :  cycloneii
Quartus root          :  c:/altera/13.0sp1/quartus/bin64/
Quartus sim root      :  c:/altera/13.0sp1/quartus/eda/sim_lib
Simulation Tool       :  modelsim-altera
Simulation Language   :  vhdl
Version               :  93
Simulation Mode       :  GUI
Sim Output File       :  Huerta_Automatizada.vho
Sim SDF file          :  Huerta_Automatizada__vhdl.sdo
Sim dir               :  simulation\modelsim

=======================================================

Info: Starting NativeLink simulation with ModelSim-Altera software
Sourced NativeLink script c:/altera/13.0sp1/quartus/common/tcl/internal/nativelink/modelsim.tcl
Warning: File Huerta_Automatizada_run_msim_gate_vhdl.do already exists - backing up current file as Huerta_Automatizada_run_msim_gate_vhdl.do.bak11
Probing transcript
ModelSim-Altera Info: # Reading C:/altera/13.0sp1/modelsim_ase/tcl/vsim/pref.tcl 
ModelSim-Altera Info: # do Huerta_Automatizada_run_msim_gate_vhdl.do 
ModelSim-Altera Info: # if {[file exists gate_work]} {
ModelSim-Altera Info: # 	vdel -lib gate_work -all
ModelSim-Altera Info: # }
ModelSim-Altera Info: # vlib gate_work
ModelSim-Altera Info: # vmap work gate_work
ModelSim-Altera Info: # Copying C:\altera\13.0sp1\modelsim_ase\win32aloem/../modelsim.ini to modelsim.ini
ModelSim-Altera Info: # Modifying modelsim.ini
ModelSim-Altera Warning: # ** Warning: Copied C:\altera\13.0sp1\modelsim_ase\win32aloem/../modelsim.ini to modelsim.ini.
ModelSim-Altera Info: #          Updated modelsim.ini.
ModelSim-Altera Info: # 
ModelSim-Altera Info: # vcom -93 -work work {Huerta_Automatizada.vho}
ModelSim-Altera Info: # Model Technology ModelSim ALTERA vcom 10.1d Compiler 2012.11 Nov  2 2012
ModelSim-Altera Info: # -- Loading package STANDARD
ModelSim-Altera Info: # -- Loading package TEXTIO
ModelSim-Altera Info: # -- Loading package std_logic_1164
ModelSim-Altera Info: # -- Loading package VITAL_Timing
ModelSim-Altera Info: # -- Loading package VITAL_Primitives
ModelSim-Altera Info: # -- Loading package cycloneii_atom_pack
ModelSim-Altera Info: # -- Loading package cycloneii_components
ModelSim-Altera Info: # -- Compiling entity Huerta_Automatizada
ModelSim-Altera Info: # -- Compiling architecture structure of Huerta_Automatizada
ModelSim-Altera Info: # 
ModelSim-Altera Info: vsim work.huerta_automatizada
ModelSim-Altera Info: # vsim work.huerta_automatizada 
ModelSim-Altera Info: # Loading std.standard
ModelSim-Altera Info: # Loading std.textio(body)
ModelSim-Altera Info: # Loading ieee.std_logic_1164(body)
ModelSim-Altera Info: # Loading ieee.vital_timing(body)
ModelSim-Altera Info: # Loading ieee.vital_primitives(body)
ModelSim-Altera Info: # Loading cycloneii.cycloneii_atom_pack(body)
ModelSim-Altera Info: # Loading cycloneii.cycloneii_components
ModelSim-Altera Info: # Loading work.huerta_automatizada(structure)
ModelSim-Altera Info: # Loading cycloneii.cycloneii_lcell_ff(vital_lcell_ff)
ModelSim-Altera Info: # Loading cycloneii.cycloneii_and1(altvital)
ModelSim-Altera Info: # Loading cycloneii.cycloneii_lcell_comb(vital_lcell_comb)
ModelSim-Altera Info: # Loading ieee.std_logic_arith(body)
ModelSim-Altera Info: # Loading cycloneii.cycloneii_io(structure)
ModelSim-Altera Info: # Loading cycloneii.cycloneii_mux21(altvital)
ModelSim-Altera Info: # Loading cycloneii.cycloneii_dffe(behave)
ModelSim-Altera Info: # Loading cycloneii.cycloneii_asynch_io(behave)
ModelSim-Altera Info: # Loading cycloneii.cycloneii_ram_block(block_arch)
ModelSim-Altera Info: # Loading cycloneii.cycloneii_ram_register(reg_arch)
ModelSim-Altera Info: # Loading cycloneii.cycloneii_ram_pulse_generator(pgen_arch)
ModelSim-Altera Warning: # ** Warning: Design size of 2 instances exceeds ModelSim ALTERA recommended capacity.
ModelSim-Altera Info: # This may because you are loading cell libraries which are not recommended with
ModelSim-Altera Info: # the ModelSim Altera version. Expect performance to be adversely affected.
ModelSim-Altera Info: add wave -position insertpoint  \
ModelSim-Altera Info: sim:/huerta_automatizada/output_led_0 \
ModelSim-Altera Info: sim:/huerta_automatizada/sw9 \
ModelSim-Altera Info: sim:/huerta_automatizada/clk \
ModelSim-Altera Info: sim:/huerta_automatizada/\\gnd\\ \
ModelSim-Altera Info: sim:/huerta_automatizada/\\vcc\\ \
ModelSim-Altera Info: sim:/huerta_automatizada/enter_planta_2 \
ModelSim-Altera Info: sim:/huerta_automatizada/sw1 \
ModelSim-Altera Info: sim:/huerta_automatizada/sw0 \
ModelSim-Altera Info: sim:/huerta_automatizada/sw8 \
ModelSim-Altera Info: sim:/huerta_automatizada/sw7 \
ModelSim-Altera Info: sim:/huerta_automatizada/sw6 \
ModelSim-Altera Info: sim:/huerta_automatizada/sw5 \
ModelSim-Altera Info: sim:/huerta_automatizada/sw4 \
ModelSim-Altera Info: sim:/huerta_automatizada/sw3 \
ModelSim-Altera Info: sim:/huerta_automatizada/sw2 \
ModelSim-Altera Info: sim:/huerta_automatizada/OutN \
ModelSim-Altera Info: sim:/huerta_automatizada/enter_planta_1 \
ModelSim-Altera Info: sim:/huerta_automatizada/OutP \
ModelSim-Altera Info: sim:/huerta_automatizada/enter_planta_3 \
ModelSim-Altera Info: sim:/huerta_automatizada/output_led_1 \
ModelSim-Altera Info: sim:/huerta_automatizada/output_led_2 \
ModelSim-Altera Info: sim:/huerta_automatizada/output_7_seg_4_A \
ModelSim-Altera Info: sim:/huerta_automatizada/output_7_seg_4_B \
ModelSim-Altera Info: sim:/huerta_automatizada/output_7_seg_4_C \
ModelSim-Altera Info: sim:/huerta_automatizada/output_7_seg_4_D \
ModelSim-Altera Info: sim:/huerta_automatizada/output_7_seg_4_E \
ModelSim-Altera Info: sim:/huerta_automatizada/output_7_seg_4_F \
ModelSim-Altera Info: sim:/huerta_automatizada/output_7_seg_4_G \
ModelSim-Altera Info: sim:/huerta_automatizada/output_7_seg_3_A \
ModelSim-Altera Info: sim:/huerta_automatizada/output_7_seg_3_B \
ModelSim-Altera Info: sim:/huerta_automatizada/output_7_seg_3_C \
ModelSim-Altera Info: sim:/huerta_automatizada/output_7_seg_3_D \
ModelSim-Altera Info: sim:/huerta_automatizada/output_7_seg_3_E \
ModelSim-Altera Info: sim:/huerta_automatizada/output_7_seg_3_F \
ModelSim-Altera Info: sim:/huerta_automatizada/output_7_seg_2_A \
ModelSim-Altera Info: sim:/huerta_automatizada/output_7_seg_2_B \
ModelSim-Altera Info: sim:/huerta_automatizada/output_7_seg_2_C \
ModelSim-Altera Info: sim:/huerta_automatizada/output_7_seg_2_D \
ModelSim-Altera Info: sim:/huerta_automatizada/output_7_seg_2_E \
ModelSim-Altera Info: sim:/huerta_automatizada/output_7_seg_2_F \
ModelSim-Altera Info: sim:/huerta_automatizada/output_7_seg_2_G \
ModelSim-Altera Info: sim:/huerta_automatizada/output_7_seg_1_A \
ModelSim-Altera Info: sim:/huerta_automatizada/output_7_seg_1_B \
ModelSim-Altera Info: sim:/huerta_automatizada/output_7_seg_1_C \
ModelSim-Altera Info: sim:/huerta_automatizada/output_7_seg_1_D \
ModelSim-Altera Info: sim:/huerta_automatizada/output_7_seg_1_E \
ModelSim-Altera Info: sim:/huerta_automatizada/output_7_seg_1_F \
ModelSim-Altera Info: sim:/huerta_automatizada/output_7_seg_1_G \
ModelSim-Altera Info: sim:/huerta_automatizada/output_7_seg_3_G \
ModelSim-Altera Info: sim:/huerta_automatizada/Out60 \
ModelSim-Altera Info: sim:/huerta_automatizada/Out30
ModelSim-Altera Info: force -freeze sim:/huerta_automatizada/clk 1 0, 0 {50 ps} -r 100
ModelSim-Altera Info: force -freeze sim:/huerta_automatizada/\\gnd\\ 0 0
ModelSim-Altera Info: force -freeze sim:/huerta_automatizada/\\vcc\\ 1 0
ModelSim-Altera Info: force -freeze sim:/huerta_automatizada/enter_planta_1 0 0
ModelSim-Altera Info: force -freeze sim:/huerta_automatizada/enter_planta_2 0 0
ModelSim-Altera Info: force -freeze sim:/huerta_automatizada/enter_planta_3 0 0
ModelSim-Altera Info: force -freeze sim:/huerta_automatizada/sw9 1 0
ModelSim-Altera Info: force -freeze sim:/huerta_automatizada/sw0 0 0
ModelSim-Altera Info: force -freeze sim:/huerta_automatizada/sw1 0 0
ModelSim-Altera Info: force -freeze sim:/huerta_automatizada/sw2 0 0
ModelSim-Altera Info: force -freeze sim:/huerta_automatizada/sw3 0 0
ModelSim-Altera Info: force -freeze sim:/huerta_automatizada/sw4 0 0
ModelSim-Altera Info: force -freeze sim:/huerta_automatizada/sw5 0 0
ModelSim-Altera Info: force -freeze sim:/huerta_automatizada/sw6 0 0
ModelSim-Altera Info: force -freeze sim:/huerta_automatizada/sw7 0 0
ModelSim-Altera Info: force -freeze sim:/huerta_automatizada/sw8 1 0
ModelSim-Altera Info: run
ModelSim-Altera Info: run
ModelSim-Altera Info: run
ModelSim-Altera Info: force -freeze sim:/huerta_automatizada/enter_planta_1 1 0
ModelSim-Altera Info: run
ModelSim-Altera Info: force -freeze sim:/huerta_automatizada/enter_planta_1 0 0
ModelSim-Altera Info: run
ModelSim-Altera Info: run
ModelSim-Altera Info: run
ModelSim-Altera Info: run
ModelSim-Altera Info: force -freeze sim:/huerta_automatizada/enter_planta_1 1 0
ModelSim-Altera Info: run
ModelSim-Altera Info: force -freeze sim:/huerta_automatizada/enter_planta_1 0 0
ModelSim-Altera Info: run
ModelSim-Altera Info: run
ModelSim-Altera Info: run
ModelSim-Altera Info: force -freeze sim:/huerta_automatizada/enter_planta_1 1 0
ModelSim-Altera Info: run
ModelSim-Altera Info: force -freeze sim:/huerta_automatizada/enter_planta_1 0 0
ModelSim-Altera Info: run
ModelSim-Altera Info: run
ModelSim-Altera Info: run
ModelSim-Altera Info: force -freeze sim:/huerta_automatizada/enter_planta_1 1 0
ModelSim-Altera Info: run
ModelSim-Altera Info: force -freeze sim:/huerta_automatizada/enter_planta_1 0 0
ModelSim-Altera Info: run
ModelSim-Altera Info: run
ModelSim-Altera Info: run
ModelSim-Altera Info: force -freeze sim:/huerta_automatizada/sw8 0 0
ModelSim-Altera Info: run
ModelSim-Altera Info: run
ModelSim-Altera Info: run
ModelSim-Altera Info: force -freeze sim:/huerta_automatizada/enter_planta_1 1 0
ModelSim-Altera Info: run
ModelSim-Altera Info: force -freeze sim:/huerta_automatizada/enter_planta_1 0 0
ModelSim-Altera Info: run
ModelSim-Altera Info: run
ModelSim-Altera Info: run
ModelSim-Altera Info: run
ModelSim-Altera Info: force -freeze sim:/huerta_automatizada/sw9 0 0
ModelSim-Altera Info: run
ModelSim-Altera Info: run
ModelSim-Altera Info: run
ModelSim-Altera Info: force -freeze sim:/huerta_automatizada/enter_planta_1 1 0
ModelSim-Altera Info: run
ModelSim-Altera Info: force -freeze sim:/huerta_automatizada/enter_planta_1 0 0
ModelSim-Altera Info: run
ModelSim-Altera Info: run
ModelSim-Altera Info: run
ModelSim-Altera Info: run
ModelSim-Altera Info: force -freeze sim:/huerta_automatizada/enter_planta_1 1 0
ModelSim-Altera Info: run
ModelSim-Altera Info: force -freeze sim:/huerta_automatizada/enter_planta_1 0 0
ModelSim-Altera Info: run
ModelSim-Altera Info: run
ModelSim-Altera Info: run
ModelSim-Altera Info: run
ModelSim-Altera Info: run
Info: NativeLink simulation flow was successful
